<html>
<body>
<pre>
<h1>礦ision Build Log</h1>
<h2>Project:</h2>
F:\TB\模块\information\SIM808资料包\sim808\SIM808 V2.4.7\17 实际应用案例\3-通过GPRS上传经纬度信息-可做设备跟踪-电子围栏等\每隔10秒发一次GPS数据--STM32--SIM808-v1.1\USER\OLED.uvproj
Project File Date:  07/03/2016

<h2>Output:</h2>
Build target 'Target 1'
compiling sim900a.c...
linking...
Program Size: Code=17920 RO-data=852 RW-data=68 ZI-data=7764  
FromELF: creating hex file...
"..\OBJ\OLED.axf" - 0 Error(s), 0 Warning(s).
Load "..\\OBJ\\OLED.axf" 
Error: Flash Download failed  -  Target DLL has been cancelled
Load "..\\OBJ\\OLED.axf" 
Erase Done.
Programming Done.
Verify OK.
</pre>
</body>
</html>
